[0.514s] DEBUG:colcon:Command line arguments: ['/usr/bin/colcon', 'build', '--symlink-install']
[0.515s] DEBUG:colcon:Parsed command line arguments: Namespace(log_base=None, log_level=None, verb_name='build', build_base='build', install_base='install', merge_install=False, symlink_install=True, test_result_base=None, continue_on_error=False, executor='parallel', parallel_workers=4, event_handlers=None, ignore_user_meta=False, metas=['./colcon.meta'], base_paths=['.'], packages_ignore=None, packages_ignore_regex=None, paths=None, packages_up_to=None, packages_up_to_regex=None, packages_above=None, packages_above_and_dependencies=None, packages_above_depth=None, packages_select_by_dep=None, packages_skip_by_dep=None, packages_skip_up_to=None, packages_select_build_failed=False, packages_skip_build_finished=False, packages_select_test_failures=False, packages_skip_test_passed=False, packages_select=None, packages_skip=None, packages_select_regex=None, packages_skip_regex=None, packages_start=None, packages_end=None, allow_overriding=[], cmake_args=None, cmake_target=None, cmake_target_skip_unavailable=False, cmake_clean_cache=False, cmake_clean_first=False, cmake_force_configure=False, ament_cmake_args=None, catkin_cmake_args=None, catkin_skip_building_tests=False, mixin_files=None, mixin=None, verb_parser=<colcon_mixin.mixin.mixin_argument.MixinArgumentDecorator object at 0x73caef09c640>, verb_extension=<colcon_core.verb.build.BuildVerb object at 0x73caef09c0d0>, main=<bound method BuildVerb.main of <colcon_core.verb.build.BuildVerb object at 0x73caef09c0d0>>, mixin_verb=('build',))
[1.192s] Level 1:colcon.colcon_core.package_discovery:discover_packages(colcon_meta) check parameters
[1.192s] Level 1:colcon.colcon_core.package_discovery:discover_packages(recursive) check parameters
[1.192s] Level 1:colcon.colcon_core.package_discovery:discover_packages(ignore) check parameters
[1.192s] Level 1:colcon.colcon_core.package_discovery:discover_packages(path) check parameters
[1.193s] Level 1:colcon.colcon_core.package_discovery:discover_packages(colcon_meta) discover
[1.193s] Level 1:colcon.colcon_core.package_discovery:discover_packages(recursive) discover
[1.193s] INFO:colcon.colcon_core.package_discovery:Crawling recursively for packages in '/home/d/send_to_robot_ws'
[1.193s] Level 1:colcon.colcon_core.package_identification:_identify(.) by extensions ['ignore', 'ignore_ament_install']
[1.193s] Level 1:colcon.colcon_core.package_identification:_identify(.) by extension 'ignore'
[1.194s] Level 1:colcon.colcon_core.package_identification:_identify(.) by extension 'ignore_ament_install'
[1.194s] Level 1:colcon.colcon_core.package_identification:_identify(.) by extensions ['colcon_pkg']
[1.194s] Level 1:colcon.colcon_core.package_identification:_identify(.) by extension 'colcon_pkg'
[1.194s] Level 1:colcon.colcon_core.package_identification:_identify(.) by extensions ['colcon_meta']
[1.194s] Level 1:colcon.colcon_core.package_identification:_identify(.) by extension 'colcon_meta'
[1.194s] Level 1:colcon.colcon_core.package_identification:_identify(.) by extensions ['ros']
[1.194s] Level 1:colcon.colcon_core.package_identification:_identify(.) by extension 'ros'
[1.255s] Level 1:colcon.colcon_core.package_identification:_identify(.) by extensions ['cmake', 'python']
[1.256s] Level 1:colcon.colcon_core.package_identification:_identify(.) by extension 'cmake'
[1.256s] Level 1:colcon.colcon_core.package_identification:_identify(.) by extension 'python'
[1.256s] Level 1:colcon.colcon_core.package_identification:_identify(.) by extensions ['python_setup_py']
[1.257s] Level 1:colcon.colcon_core.package_identification:_identify(.) by extension 'python_setup_py'
[1.257s] Level 1:colcon.colcon_core.package_identification:_identify(build) by extensions ['ignore', 'ignore_ament_install']
[1.258s] Level 1:colcon.colcon_core.package_identification:_identify(build) by extension 'ignore'
[1.258s] Level 1:colcon.colcon_core.package_identification:_identify(build) ignored
[1.258s] Level 1:colcon.colcon_core.package_identification:_identify(install) by extensions ['ignore', 'ignore_ament_install']
[1.259s] Level 1:colcon.colcon_core.package_identification:_identify(install) by extension 'ignore'
[1.259s] Level 1:colcon.colcon_core.package_identification:_identify(install) ignored
[1.259s] Level 1:colcon.colcon_core.package_identification:_identify(log) by extensions ['ignore', 'ignore_ament_install']
[1.259s] Level 1:colcon.colcon_core.package_identification:_identify(log) by extension 'ignore'
[1.259s] Level 1:colcon.colcon_core.package_identification:_identify(log) ignored
[1.260s] Level 1:colcon.colcon_core.package_identification:_identify(src) by extensions ['ignore', 'ignore_ament_install']
[1.260s] Level 1:colcon.colcon_core.package_identification:_identify(src) by extension 'ignore'
[1.260s] Level 1:colcon.colcon_core.package_identification:_identify(src) by extension 'ignore_ament_install'
[1.260s] Level 1:colcon.colcon_core.package_identification:_identify(src) by extensions ['colcon_pkg']
[1.260s] Level 1:colcon.colcon_core.package_identification:_identify(src) by extension 'colcon_pkg'
[1.261s] Level 1:colcon.colcon_core.package_identification:_identify(src) by extensions ['colcon_meta']
[1.261s] Level 1:colcon.colcon_core.package_identification:_identify(src) by extension 'colcon_meta'
[1.261s] Level 1:colcon.colcon_core.package_identification:_identify(src) by extensions ['ros']
[1.261s] Level 1:colcon.colcon_core.package_identification:_identify(src) by extension 'ros'
[1.261s] Level 1:colcon.colcon_core.package_identification:_identify(src) by extensions ['cmake', 'python']
[1.261s] Level 1:colcon.colcon_core.package_identification:_identify(src) by extension 'cmake'
[1.261s] Level 1:colcon.colcon_core.package_identification:_identify(src) by extension 'python'
[1.262s] Level 1:colcon.colcon_core.package_identification:_identify(src) by extensions ['python_setup_py']
[1.262s] Level 1:colcon.colcon_core.package_identification:_identify(src) by extension 'python_setup_py'
[1.262s] Level 1:colcon.colcon_core.package_identification:_identify(src/send_to_robot_v3) by extensions ['ignore', 'ignore_ament_install']
[1.262s] Level 1:colcon.colcon_core.package_identification:_identify(src/send_to_robot_v3) by extension 'ignore'
[1.262s] Level 1:colcon.colcon_core.package_identification:_identify(src/send_to_robot_v3) by extension 'ignore_ament_install'
[1.263s] Level 1:colcon.colcon_core.package_identification:_identify(src/send_to_robot_v3) by extensions ['colcon_pkg']
[1.263s] Level 1:colcon.colcon_core.package_identification:_identify(src/send_to_robot_v3) by extension 'colcon_pkg'
[1.263s] Level 1:colcon.colcon_core.package_identification:_identify(src/send_to_robot_v3) by extensions ['colcon_meta']
[1.263s] Level 1:colcon.colcon_core.package_identification:_identify(src/send_to_robot_v3) by extension 'colcon_meta'
[1.263s] Level 1:colcon.colcon_core.package_identification:_identify(src/send_to_robot_v3) by extensions ['ros']
[1.263s] Level 1:colcon.colcon_core.package_identification:_identify(src/send_to_robot_v3) by extension 'ros'
[1.273s] DEBUG:colcon.colcon_core.package_identification:Package 'src/send_to_robot_v3' with type 'ros.ament_python' and name 'send_to_robot_v3'
[1.273s] Level 1:colcon.colcon_core.package_discovery:discover_packages(recursive) using defaults
[1.273s] Level 1:colcon.colcon_core.package_discovery:discover_packages(ignore) discover
[1.273s] Level 1:colcon.colcon_core.package_discovery:discover_packages(ignore) using defaults
[1.274s] Level 1:colcon.colcon_core.package_discovery:discover_packages(path) discover
[1.274s] Level 1:colcon.colcon_core.package_discovery:discover_packages(path) using defaults
[1.336s] Level 1:colcon.colcon_core.package_discovery:discover_packages(prefix_path) check parameters
[1.337s] Level 1:colcon.colcon_core.package_discovery:discover_packages(prefix_path) discover
[1.348s] DEBUG:colcon.colcon_installed_package_information.package_discovery:Found 1 installed packages in /home/d/send_to_robot_ws/install
[1.352s] DEBUG:colcon.colcon_installed_package_information.package_discovery:Found 55 installed packages in /home/d/ws_moveit/install
[1.355s] DEBUG:colcon.colcon_installed_package_information.package_discovery:Found 3 installed packages in /home/d/br_ws/install
[1.359s] DEBUG:colcon.colcon_installed_package_information.package_discovery:Found 336 installed packages in /opt/ros/humble
[1.366s] Level 1:colcon.colcon_core.package_discovery:discover_packages(prefix_path) using defaults
[1.502s] Level 5:colcon.colcon_core.verb:set package 'send_to_robot_v3' build argument 'cmake_args' from command line to 'None'
[1.503s] Level 5:colcon.colcon_core.verb:set package 'send_to_robot_v3' build argument 'cmake_target' from command line to 'None'
[1.503s] Level 5:colcon.colcon_core.verb:set package 'send_to_robot_v3' build argument 'cmake_target_skip_unavailable' from command line to 'False'
[1.503s] Level 5:colcon.colcon_core.verb:set package 'send_to_robot_v3' build argument 'cmake_clean_cache' from command line to 'False'
[1.503s] Level 5:colcon.colcon_core.verb:set package 'send_to_robot_v3' build argument 'cmake_clean_first' from command line to 'False'
[1.503s] Level 5:colcon.colcon_core.verb:set package 'send_to_robot_v3' build argument 'cmake_force_configure' from command line to 'False'
[1.503s] Level 5:colcon.colcon_core.verb:set package 'send_to_robot_v3' build argument 'ament_cmake_args' from command line to 'None'
[1.503s] Level 5:colcon.colcon_core.verb:set package 'send_to_robot_v3' build argument 'catkin_cmake_args' from command line to 'None'
[1.503s] Level 5:colcon.colcon_core.verb:set package 'send_to_robot_v3' build argument 'catkin_skip_building_tests' from command line to 'False'
[1.503s] DEBUG:colcon.colcon_core.verb:Building package 'send_to_robot_v3' with the following arguments: {'ament_cmake_args': None, 'build_base': '/home/d/send_to_robot_ws/build/send_to_robot_v3', 'catkin_cmake_args': None, 'catkin_skip_building_tests': False, 'cmake_args': None, 'cmake_clean_cache': False, 'cmake_clean_first': False, 'cmake_force_configure': False, 'cmake_target': None, 'cmake_target_skip_unavailable': False, 'install_base': '/home/d/send_to_robot_ws/install/send_to_robot_v3', 'merge_install': False, 'path': '/home/d/send_to_robot_ws/src/send_to_robot_v3', 'symlink_install': True, 'test_result_base': None}
[1.503s] INFO:colcon.colcon_core.executor:Executing jobs using 'parallel' executor
[1.506s] DEBUG:colcon.colcon_parallel_executor.executor.parallel:run_until_complete
[1.506s] INFO:colcon.colcon_ros.task.ament_python.build:Building ROS package in '/home/d/send_to_robot_ws/src/send_to_robot_v3' with build type 'ament_python'
[1.507s] Level 1:colcon.colcon_core.shell:create_environment_hook('send_to_robot_v3', 'ament_prefix_path')
[1.512s] INFO:colcon.colcon_core.plugin_system:Skipping extension 'colcon_core.shell.bat': Not used on non-Windows systems
[1.513s] INFO:colcon.colcon_core.shell:Creating environment hook '/home/d/send_to_robot_ws/install/send_to_robot_v3/share/send_to_robot_v3/hook/ament_prefix_path.ps1'
[1.514s] INFO:colcon.colcon_core.shell:Creating environment descriptor '/home/d/send_to_robot_ws/install/send_to_robot_v3/share/send_to_robot_v3/hook/ament_prefix_path.dsv'
[1.515s] INFO:colcon.colcon_core.shell:Creating environment hook '/home/d/send_to_robot_ws/install/send_to_robot_v3/share/send_to_robot_v3/hook/ament_prefix_path.sh'
[1.517s] INFO:colcon.colcon_core.shell:Skip shell extension 'powershell' for command environment: Not usable outside of PowerShell
[1.517s] DEBUG:colcon.colcon_core.shell:Skip shell extension 'dsv' for command environment
[2.521s] INFO:colcon.colcon_core.task.python.build:Building Python package in '/home/d/send_to_robot_ws/src/send_to_robot_v3'
[2.522s] INFO:colcon.colcon_core.shell:Skip shell extension 'powershell' for command environment: Not usable outside of PowerShell
[2.522s] DEBUG:colcon.colcon_core.shell:Skip shell extension 'dsv' for command environment
[3.878s] DEBUG:colcon.colcon_core.event_handler.log_command:Invoking command in '/home/d/send_to_robot_ws/build/send_to_robot_v3': PYTHONPATH=/home/d/send_to_robot_ws/build/send_to_robot_v3/prefix_override:/usr/lib/python3/dist-packages/colcon_core/task/python/colcon_distutils_commands:/home/d/send_to_robot_ws/install/send_to_robot_v3/lib/python3.10/site-packages:${PYTHONPATH} /usr/bin/python3 -W ignore:setup.py install is deprecated -W ignore:easy_install command is deprecated setup.py develop --editable --build-directory /home/d/send_to_robot_ws/build/send_to_robot_v3/build --no-deps symlink_data
[6.119s] Level 1:colcon.colcon_core.shell:create_environment_hook('send_to_robot_v3', 'pythonpath_develop')
[6.121s] INFO:colcon.colcon_core.shell:Creating environment hook '/home/d/send_to_robot_ws/build/send_to_robot_v3/share/send_to_robot_v3/hook/pythonpath_develop.ps1'
[6.123s] DEBUG:colcon.colcon_core.event_handler.log_command:Invoked command in '/home/d/send_to_robot_ws/build/send_to_robot_v3' returned '0': PYTHONPATH=/home/d/send_to_robot_ws/build/send_to_robot_v3/prefix_override:/usr/lib/python3/dist-packages/colcon_core/task/python/colcon_distutils_commands:/home/d/send_to_robot_ws/install/send_to_robot_v3/lib/python3.10/site-packages:${PYTHONPATH} /usr/bin/python3 -W ignore:setup.py install is deprecated -W ignore:easy_install command is deprecated setup.py develop --editable --build-directory /home/d/send_to_robot_ws/build/send_to_robot_v3/build --no-deps symlink_data
[6.125s] INFO:colcon.colcon_core.shell:Creating environment descriptor '/home/d/send_to_robot_ws/build/send_to_robot_v3/share/send_to_robot_v3/hook/pythonpath_develop.dsv'
[6.126s] INFO:colcon.colcon_core.shell:Creating environment hook '/home/d/send_to_robot_ws/build/send_to_robot_v3/share/send_to_robot_v3/hook/pythonpath_develop.sh'
[6.137s] Level 1:colcon.colcon_core.environment:checking '/home/d/send_to_robot_ws/install/send_to_robot_v3' for CMake module files
[6.138s] Level 1:colcon.colcon_core.environment:checking '/home/d/send_to_robot_ws/install/send_to_robot_v3' for CMake config files
[6.141s] Level 1:colcon.colcon_core.environment:checking '/home/d/send_to_robot_ws/install/send_to_robot_v3/lib'
[6.141s] Level 1:colcon.colcon_core.environment:checking '/home/d/send_to_robot_ws/install/send_to_robot_v3/bin'
[6.141s] Level 1:colcon.colcon_core.environment:checking '/home/d/send_to_robot_ws/install/send_to_robot_v3/lib/pkgconfig/send_to_robot_v3.pc'
[6.142s] Level 1:colcon.colcon_core.environment:checking '/home/d/send_to_robot_ws/install/send_to_robot_v3/lib/python3.10/site-packages'
[6.143s] Level 1:colcon.colcon_core.shell:create_environment_hook('send_to_robot_v3', 'pythonpath')
[6.144s] INFO:colcon.colcon_core.shell:Creating environment hook '/home/d/send_to_robot_ws/install/send_to_robot_v3/share/send_to_robot_v3/hook/pythonpath.ps1'
[6.145s] INFO:colcon.colcon_core.shell:Creating environment descriptor '/home/d/send_to_robot_ws/install/send_to_robot_v3/share/send_to_robot_v3/hook/pythonpath.dsv'
[6.146s] INFO:colcon.colcon_core.shell:Creating environment hook '/home/d/send_to_robot_ws/install/send_to_robot_v3/share/send_to_robot_v3/hook/pythonpath.sh'
[6.148s] Level 1:colcon.colcon_core.environment:checking '/home/d/send_to_robot_ws/install/send_to_robot_v3/bin'
[6.149s] Level 1:colcon.colcon_core.environment:create_environment_scripts_only(send_to_robot_v3)
[6.150s] INFO:colcon.colcon_core.shell:Creating package script '/home/d/send_to_robot_ws/install/send_to_robot_v3/share/send_to_robot_v3/package.ps1'
[6.153s] INFO:colcon.colcon_core.shell:Creating package descriptor '/home/d/send_to_robot_ws/install/send_to_robot_v3/share/send_to_robot_v3/package.dsv'
[6.156s] INFO:colcon.colcon_core.shell:Creating package script '/home/d/send_to_robot_ws/install/send_to_robot_v3/share/send_to_robot_v3/package.sh'
[6.160s] INFO:colcon.colcon_core.shell:Creating package script '/home/d/send_to_robot_ws/install/send_to_robot_v3/share/send_to_robot_v3/package.bash'
[6.163s] INFO:colcon.colcon_core.shell:Creating package script '/home/d/send_to_robot_ws/install/send_to_robot_v3/share/send_to_robot_v3/package.zsh'
[6.166s] Level 1:colcon.colcon_core.environment:create_file_with_runtime_dependencies(/home/d/send_to_robot_ws/install/send_to_robot_v3/share/colcon-core/packages/send_to_robot_v3)
[6.167s] DEBUG:colcon.colcon_parallel_executor.executor.parallel:closing loop
[6.168s] DEBUG:colcon.colcon_parallel_executor.executor.parallel:loop closed
[6.169s] DEBUG:colcon.colcon_parallel_executor.executor.parallel:run_until_complete finished with '0'
[6.169s] DEBUG:colcon.colcon_core.event_reactor:joining thread
[6.191s] INFO:colcon.colcon_core.plugin_system:Skipping extension 'colcon_notification.desktop_notification.terminal_notifier': Not used on non-Darwin systems
[6.191s] INFO:colcon.colcon_core.plugin_system:Skipping extension 'colcon_notification.desktop_notification.win32': Not used on non-Windows systems
[6.192s] INFO:colcon.colcon_notification.desktop_notification:Sending desktop notification using 'notify2'
[6.236s] DEBUG:colcon.colcon_core.event_reactor:joined thread
[6.237s] INFO:colcon.colcon_core.shell:Creating prefix script '/home/d/send_to_robot_ws/install/local_setup.ps1'
[6.244s] INFO:colcon.colcon_core.shell:Creating prefix util module '/home/d/send_to_robot_ws/install/_local_setup_util_ps1.py'
[6.254s] INFO:colcon.colcon_core.shell:Creating prefix chain script '/home/d/send_to_robot_ws/install/setup.ps1'
[6.271s] INFO:colcon.colcon_core.shell:Creating prefix script '/home/d/send_to_robot_ws/install/local_setup.sh'
[6.273s] INFO:colcon.colcon_core.shell:Creating prefix util module '/home/d/send_to_robot_ws/install/_local_setup_util_sh.py'
[6.275s] INFO:colcon.colcon_core.shell:Creating prefix chain script '/home/d/send_to_robot_ws/install/setup.sh'
[6.291s] INFO:colcon.colcon_core.shell:Creating prefix script '/home/d/send_to_robot_ws/install/local_setup.bash'
[6.293s] INFO:colcon.colcon_core.shell:Creating prefix chain script '/home/d/send_to_robot_ws/install/setup.bash'
[6.308s] INFO:colcon.colcon_core.shell:Creating prefix script '/home/d/send_to_robot_ws/install/local_setup.zsh'
[6.311s] INFO:colcon.colcon_core.shell:Creating prefix chain script '/home/d/send_to_robot_ws/install/setup.zsh'
