[0.195s] DEBUG:colcon:Command line arguments: ['/usr/bin/colcon', 'build', '--symlink-install']
[0.196s] DEBUG:colcon:Parsed command line arguments: Namespace(log_base=None, log_level=None, verb_name='build', build_base='build', install_base='install', merge_install=False, symlink_install=True, test_result_base=None, continue_on_error=False, executor='parallel', parallel_workers=4, event_handlers=None, ignore_user_meta=False, metas=['./colcon.meta'], base_paths=['.'], packages_ignore=None, packages_ignore_regex=None, paths=None, packages_up_to=None, packages_up_to_regex=None, packages_above=None, packages_above_and_dependencies=None, packages_above_depth=None, packages_select_by_dep=None, packages_skip_by_dep=None, packages_skip_up_to=None, packages_select_build_failed=False, packages_skip_build_finished=False, packages_select_test_failures=False, packages_skip_test_passed=False, packages_select=None, packages_skip=None, packages_select_regex=None, packages_skip_regex=None, packages_start=None, packages_end=None, allow_overriding=[], cmake_args=None, cmake_target=None, cmake_target_skip_unavailable=False, cmake_clean_cache=False, cmake_clean_first=False, cmake_force_configure=False, ament_cmake_args=None, catkin_cmake_args=None, catkin_skip_building_tests=False, mixin_files=None, mixin=None, verb_parser=<colcon_mixin.mixin.mixin_argument.MixinArgumentDecorator object at 0x794ec7a98640>, verb_extension=<colcon_core.verb.build.BuildVerb object at 0x794ec7a980d0>, main=<bound method BuildVerb.main of <colcon_core.verb.build.BuildVerb object at 0x794ec7a980d0>>, mixin_verb=('build',))
[0.464s] Level 1:colcon.colcon_core.package_discovery:discover_packages(colcon_meta) check parameters
[0.464s] Level 1:colcon.colcon_core.package_discovery:discover_packages(recursive) check parameters
[0.464s] Level 1:colcon.colcon_core.package_discovery:discover_packages(ignore) check parameters
[0.464s] Level 1:colcon.colcon_core.package_discovery:discover_packages(path) check parameters
[0.464s] Level 1:colcon.colcon_core.package_discovery:discover_packages(colcon_meta) discover
[0.465s] Level 1:colcon.colcon_core.package_discovery:discover_packages(recursive) discover
[0.465s] INFO:colcon.colcon_core.package_discovery:Crawling recursively for packages in '/home/d/send_to_robot_ws'
[0.465s] Level 1:colcon.colcon_core.package_identification:_identify(.) by extensions ['ignore', 'ignore_ament_install']
[0.465s] Level 1:colcon.colcon_core.package_identification:_identify(.) by extension 'ignore'
[0.465s] Level 1:colcon.colcon_core.package_identification:_identify(.) by extension 'ignore_ament_install'
[0.465s] Level 1:colcon.colcon_core.package_identification:_identify(.) by extensions ['colcon_pkg']
[0.465s] Level 1:colcon.colcon_core.package_identification:_identify(.) by extension 'colcon_pkg'
[0.465s] Level 1:colcon.colcon_core.package_identification:_identify(.) by extensions ['colcon_meta']
[0.465s] Level 1:colcon.colcon_core.package_identification:_identify(.) by extension 'colcon_meta'
[0.465s] Level 1:colcon.colcon_core.package_identification:_identify(.) by extensions ['ros']
[0.465s] Level 1:colcon.colcon_core.package_identification:_identify(.) by extension 'ros'
[0.489s] Level 1:colcon.colcon_core.package_identification:_identify(.) by extensions ['cmake', 'python']
[0.489s] Level 1:colcon.colcon_core.package_identification:_identify(.) by extension 'cmake'
[0.489s] Level 1:colcon.colcon_core.package_identification:_identify(.) by extension 'python'
[0.489s] Level 1:colcon.colcon_core.package_identification:_identify(.) by extensions ['python_setup_py']
[0.489s] Level 1:colcon.colcon_core.package_identification:_identify(.) by extension 'python_setup_py'
[0.489s] Level 1:colcon.colcon_core.package_identification:_identify(build) by extensions ['ignore', 'ignore_ament_install']
[0.489s] Level 1:colcon.colcon_core.package_identification:_identify(build) by extension 'ignore'
[0.489s] Level 1:colcon.colcon_core.package_identification:_identify(build) ignored
[0.489s] Level 1:colcon.colcon_core.package_identification:_identify(install) by extensions ['ignore', 'ignore_ament_install']
[0.490s] Level 1:colcon.colcon_core.package_identification:_identify(install) by extension 'ignore'
[0.490s] Level 1:colcon.colcon_core.package_identification:_identify(install) ignored
[0.490s] Level 1:colcon.colcon_core.package_identification:_identify(log) by extensions ['ignore', 'ignore_ament_install']
[0.490s] Level 1:colcon.colcon_core.package_identification:_identify(log) by extension 'ignore'
[0.490s] Level 1:colcon.colcon_core.package_identification:_identify(log) ignored
[0.490s] Level 1:colcon.colcon_core.package_identification:_identify(src) by extensions ['ignore', 'ignore_ament_install']
[0.490s] Level 1:colcon.colcon_core.package_identification:_identify(src) by extension 'ignore'
[0.490s] Level 1:colcon.colcon_core.package_identification:_identify(src) by extension 'ignore_ament_install'
[0.490s] Level 1:colcon.colcon_core.package_identification:_identify(src) by extensions ['colcon_pkg']
[0.490s] Level 1:colcon.colcon_core.package_identification:_identify(src) by extension 'colcon_pkg'
[0.490s] Level 1:colcon.colcon_core.package_identification:_identify(src) by extensions ['colcon_meta']
[0.490s] Level 1:colcon.colcon_core.package_identification:_identify(src) by extension 'colcon_meta'
[0.490s] Level 1:colcon.colcon_core.package_identification:_identify(src) by extensions ['ros']
[0.490s] Level 1:colcon.colcon_core.package_identification:_identify(src) by extension 'ros'
[0.491s] Level 1:colcon.colcon_core.package_identification:_identify(src) by extensions ['cmake', 'python']
[0.491s] Level 1:colcon.colcon_core.package_identification:_identify(src) by extension 'cmake'
[0.491s] Level 1:colcon.colcon_core.package_identification:_identify(src) by extension 'python'
[0.491s] Level 1:colcon.colcon_core.package_identification:_identify(src) by extensions ['python_setup_py']
[0.491s] Level 1:colcon.colcon_core.package_identification:_identify(src) by extension 'python_setup_py'
[0.491s] Level 1:colcon.colcon_core.package_identification:_identify(src/send_to_robot_v3) by extensions ['ignore', 'ignore_ament_install']
[0.491s] Level 1:colcon.colcon_core.package_identification:_identify(src/send_to_robot_v3) by extension 'ignore'
[0.491s] Level 1:colcon.colcon_core.package_identification:_identify(src/send_to_robot_v3) by extension 'ignore_ament_install'
[0.491s] Level 1:colcon.colcon_core.package_identification:_identify(src/send_to_robot_v3) by extensions ['colcon_pkg']
[0.491s] Level 1:colcon.colcon_core.package_identification:_identify(src/send_to_robot_v3) by extension 'colcon_pkg'
[0.491s] Level 1:colcon.colcon_core.package_identification:_identify(src/send_to_robot_v3) by extensions ['colcon_meta']
[0.491s] Level 1:colcon.colcon_core.package_identification:_identify(src/send_to_robot_v3) by extension 'colcon_meta'
[0.491s] Level 1:colcon.colcon_core.package_identification:_identify(src/send_to_robot_v3) by extensions ['ros']
[0.491s] Level 1:colcon.colcon_core.package_identification:_identify(src/send_to_robot_v3) by extension 'ros'
[0.495s] DEBUG:colcon.colcon_core.package_identification:Package 'src/send_to_robot_v3' with type 'ros.ament_python' and name 'send_to_robot_v3'
[0.495s] Level 1:colcon.colcon_core.package_discovery:discover_packages(recursive) using defaults
[0.495s] Level 1:colcon.colcon_core.package_discovery:discover_packages(ignore) discover
[0.495s] Level 1:colcon.colcon_core.package_discovery:discover_packages(ignore) using defaults
[0.495s] Level 1:colcon.colcon_core.package_discovery:discover_packages(path) discover
[0.495s] Level 1:colcon.colcon_core.package_discovery:discover_packages(path) using defaults
[0.525s] Level 1:colcon.colcon_core.package_discovery:discover_packages(prefix_path) check parameters
[0.525s] Level 1:colcon.colcon_core.package_discovery:discover_packages(prefix_path) discover
[0.530s] DEBUG:colcon.colcon_installed_package_information.package_discovery:Found 1 installed packages in /home/d/send_to_robot_ws/install
[0.532s] DEBUG:colcon.colcon_installed_package_information.package_discovery:Found 55 installed packages in /home/d/ws_moveit/install
[0.533s] DEBUG:colcon.colcon_installed_package_information.package_discovery:Found 3 installed packages in /home/d/br_ws/install
[0.535s] DEBUG:colcon.colcon_installed_package_information.package_discovery:Found 336 installed packages in /opt/ros/humble
[0.538s] Level 1:colcon.colcon_core.package_discovery:discover_packages(prefix_path) using defaults
[0.612s] Level 5:colcon.colcon_core.verb:set package 'send_to_robot_v3' build argument 'cmake_args' from command line to 'None'
[0.612s] Level 5:colcon.colcon_core.verb:set package 'send_to_robot_v3' build argument 'cmake_target' from command line to 'None'
[0.612s] Level 5:colcon.colcon_core.verb:set package 'send_to_robot_v3' build argument 'cmake_target_skip_unavailable' from command line to 'False'
[0.612s] Level 5:colcon.colcon_core.verb:set package 'send_to_robot_v3' build argument 'cmake_clean_cache' from command line to 'False'
[0.612s] Level 5:colcon.colcon_core.verb:set package 'send_to_robot_v3' build argument 'cmake_clean_first' from command line to 'False'
[0.612s] Level 5:colcon.colcon_core.verb:set package 'send_to_robot_v3' build argument 'cmake_force_configure' from command line to 'False'
[0.612s] Level 5:colcon.colcon_core.verb:set package 'send_to_robot_v3' build argument 'ament_cmake_args' from command line to 'None'
[0.612s] Level 5:colcon.colcon_core.verb:set package 'send_to_robot_v3' build argument 'catkin_cmake_args' from command line to 'None'
[0.612s] Level 5:colcon.colcon_core.verb:set package 'send_to_robot_v3' build argument 'catkin_skip_building_tests' from command line to 'False'
[0.612s] DEBUG:colcon.colcon_core.verb:Building package 'send_to_robot_v3' with the following arguments: {'ament_cmake_args': None, 'build_base': '/home/d/send_to_robot_ws/build/send_to_robot_v3', 'catkin_cmake_args': None, 'catkin_skip_building_tests': False, 'cmake_args': None, 'cmake_clean_cache': False, 'cmake_clean_first': False, 'cmake_force_configure': False, 'cmake_target': None, 'cmake_target_skip_unavailable': False, 'install_base': '/home/d/send_to_robot_ws/install/send_to_robot_v3', 'merge_install': False, 'path': '/home/d/send_to_robot_ws/src/send_to_robot_v3', 'symlink_install': True, 'test_result_base': None}
[0.613s] INFO:colcon.colcon_core.executor:Executing jobs using 'parallel' executor
[0.615s] DEBUG:colcon.colcon_parallel_executor.executor.parallel:run_until_complete
[0.616s] INFO:colcon.colcon_ros.task.ament_python.build:Building ROS package in '/home/d/send_to_robot_ws/src/send_to_robot_v3' with build type 'ament_python'
[0.616s] Level 1:colcon.colcon_core.shell:create_environment_hook('send_to_robot_v3', 'ament_prefix_path')
[0.619s] INFO:colcon.colcon_core.plugin_system:Skipping extension 'colcon_core.shell.bat': Not used on non-Windows systems
[0.619s] INFO:colcon.colcon_core.shell:Creating environment hook '/home/d/send_to_robot_ws/install/send_to_robot_v3/share/send_to_robot_v3/hook/ament_prefix_path.ps1'
[0.620s] INFO:colcon.colcon_core.shell:Creating environment descriptor '/home/d/send_to_robot_ws/install/send_to_robot_v3/share/send_to_robot_v3/hook/ament_prefix_path.dsv'
[0.620s] INFO:colcon.colcon_core.shell:Creating environment hook '/home/d/send_to_robot_ws/install/send_to_robot_v3/share/send_to_robot_v3/hook/ament_prefix_path.sh'
[0.621s] INFO:colcon.colcon_core.shell:Skip shell extension 'powershell' for command environment: Not usable outside of PowerShell
[0.621s] DEBUG:colcon.colcon_core.shell:Skip shell extension 'dsv' for command environment
[1.044s] INFO:colcon.colcon_core.task.python.build:Building Python package in '/home/d/send_to_robot_ws/src/send_to_robot_v3'
[1.044s] INFO:colcon.colcon_core.shell:Skip shell extension 'powershell' for command environment: Not usable outside of PowerShell
[1.044s] DEBUG:colcon.colcon_core.shell:Skip shell extension 'dsv' for command environment
[1.630s] DEBUG:colcon.colcon_core.event_handler.log_command:Invoking command in '/home/d/send_to_robot_ws/build/send_to_robot_v3': PYTHONPATH=/home/d/send_to_robot_ws/build/send_to_robot_v3/prefix_override:/usr/lib/python3/dist-packages/colcon_core/task/python/colcon_distutils_commands:/home/d/send_to_robot_ws/install/send_to_robot_v3/lib/python3.10/site-packages:${PYTHONPATH} /usr/bin/python3 -W ignore:setup.py install is deprecated -W ignore:easy_install command is deprecated setup.py develop --editable --build-directory /home/d/send_to_robot_ws/build/send_to_robot_v3/build --no-deps symlink_data
[2.384s] Level 1:colcon.colcon_core.shell:create_environment_hook('send_to_robot_v3', 'pythonpath_develop')
[2.385s] INFO:colcon.colcon_core.shell:Creating environment hook '/home/d/send_to_robot_ws/build/send_to_robot_v3/share/send_to_robot_v3/hook/pythonpath_develop.ps1'
[2.385s] DEBUG:colcon.colcon_core.event_handler.log_command:Invoked command in '/home/d/send_to_robot_ws/build/send_to_robot_v3' returned '0': PYTHONPATH=/home/d/send_to_robot_ws/build/send_to_robot_v3/prefix_override:/usr/lib/python3/dist-packages/colcon_core/task/python/colcon_distutils_commands:/home/d/send_to_robot_ws/install/send_to_robot_v3/lib/python3.10/site-packages:${PYTHONPATH} /usr/bin/python3 -W ignore:setup.py install is deprecated -W ignore:easy_install command is deprecated setup.py develop --editable --build-directory /home/d/send_to_robot_ws/build/send_to_robot_v3/build --no-deps symlink_data
[2.386s] INFO:colcon.colcon_core.shell:Creating environment descriptor '/home/d/send_to_robot_ws/build/send_to_robot_v3/share/send_to_robot_v3/hook/pythonpath_develop.dsv'
[2.386s] INFO:colcon.colcon_core.shell:Creating environment hook '/home/d/send_to_robot_ws/build/send_to_robot_v3/share/send_to_robot_v3/hook/pythonpath_develop.sh'
[2.390s] Level 1:colcon.colcon_core.environment:checking '/home/d/send_to_robot_ws/install/send_to_robot_v3' for CMake module files
[2.390s] Level 1:colcon.colcon_core.environment:checking '/home/d/send_to_robot_ws/install/send_to_robot_v3' for CMake config files
[2.391s] Level 1:colcon.colcon_core.environment:checking '/home/d/send_to_robot_ws/install/send_to_robot_v3/lib'
[2.391s] Level 1:colcon.colcon_core.environment:checking '/home/d/send_to_robot_ws/install/send_to_robot_v3/bin'
[2.391s] Level 1:colcon.colcon_core.environment:checking '/home/d/send_to_robot_ws/install/send_to_robot_v3/lib/pkgconfig/send_to_robot_v3.pc'
[2.392s] Level 1:colcon.colcon_core.environment:checking '/home/d/send_to_robot_ws/install/send_to_robot_v3/lib/python3.10/site-packages'
[2.392s] Level 1:colcon.colcon_core.shell:create_environment_hook('send_to_robot_v3', 'pythonpath')
[2.392s] INFO:colcon.colcon_core.shell:Creating environment hook '/home/d/send_to_robot_ws/install/send_to_robot_v3/share/send_to_robot_v3/hook/pythonpath.ps1'
[2.392s] INFO:colcon.colcon_core.shell:Creating environment descriptor '/home/d/send_to_robot_ws/install/send_to_robot_v3/share/send_to_robot_v3/hook/pythonpath.dsv'
[2.393s] INFO:colcon.colcon_core.shell:Creating environment hook '/home/d/send_to_robot_ws/install/send_to_robot_v3/share/send_to_robot_v3/hook/pythonpath.sh'
[2.394s] Level 1:colcon.colcon_core.environment:checking '/home/d/send_to_robot_ws/install/send_to_robot_v3/bin'
[2.394s] Level 1:colcon.colcon_core.environment:create_environment_scripts_only(send_to_robot_v3)
[2.394s] INFO:colcon.colcon_core.shell:Creating package script '/home/d/send_to_robot_ws/install/send_to_robot_v3/share/send_to_robot_v3/package.ps1'
[2.395s] INFO:colcon.colcon_core.shell:Creating package descriptor '/home/d/send_to_robot_ws/install/send_to_robot_v3/share/send_to_robot_v3/package.dsv'
[2.396s] INFO:colcon.colcon_core.shell:Creating package script '/home/d/send_to_robot_ws/install/send_to_robot_v3/share/send_to_robot_v3/package.sh'
[2.397s] INFO:colcon.colcon_core.shell:Creating package script '/home/d/send_to_robot_ws/install/send_to_robot_v3/share/send_to_robot_v3/package.bash'
[2.398s] INFO:colcon.colcon_core.shell:Creating package script '/home/d/send_to_robot_ws/install/send_to_robot_v3/share/send_to_robot_v3/package.zsh'
[2.399s] Level 1:colcon.colcon_core.environment:create_file_with_runtime_dependencies(/home/d/send_to_robot_ws/install/send_to_robot_v3/share/colcon-core/packages/send_to_robot_v3)
[2.399s] DEBUG:colcon.colcon_parallel_executor.executor.parallel:closing loop
[2.400s] DEBUG:colcon.colcon_parallel_executor.executor.parallel:loop closed
[2.400s] DEBUG:colcon.colcon_parallel_executor.executor.parallel:run_until_complete finished with '0'
[2.400s] DEBUG:colcon.colcon_core.event_reactor:joining thread
[2.407s] INFO:colcon.colcon_core.plugin_system:Skipping extension 'colcon_notification.desktop_notification.terminal_notifier': Not used on non-Darwin systems
[2.407s] INFO:colcon.colcon_core.plugin_system:Skipping extension 'colcon_notification.desktop_notification.win32': Not used on non-Windows systems
[2.408s] INFO:colcon.colcon_notification.desktop_notification:Sending desktop notification using 'notify2'
[2.422s] DEBUG:colcon.colcon_core.event_reactor:joined thread
[2.423s] INFO:colcon.colcon_core.shell:Creating prefix script '/home/d/send_to_robot_ws/install/local_setup.ps1'
[2.425s] INFO:colcon.colcon_core.shell:Creating prefix util module '/home/d/send_to_robot_ws/install/_local_setup_util_ps1.py'
[2.427s] INFO:colcon.colcon_core.shell:Creating prefix chain script '/home/d/send_to_robot_ws/install/setup.ps1'
[2.432s] INFO:colcon.colcon_core.shell:Creating prefix script '/home/d/send_to_robot_ws/install/local_setup.sh'
[2.432s] INFO:colcon.colcon_core.shell:Creating prefix util module '/home/d/send_to_robot_ws/install/_local_setup_util_sh.py'
[2.433s] INFO:colcon.colcon_core.shell:Creating prefix chain script '/home/d/send_to_robot_ws/install/setup.sh'
[2.440s] INFO:colcon.colcon_core.shell:Creating prefix script '/home/d/send_to_robot_ws/install/local_setup.bash'
[2.441s] INFO:colcon.colcon_core.shell:Creating prefix chain script '/home/d/send_to_robot_ws/install/setup.bash'
[2.447s] INFO:colcon.colcon_core.shell:Creating prefix script '/home/d/send_to_robot_ws/install/local_setup.zsh'
[2.448s] INFO:colcon.colcon_core.shell:Creating prefix chain script '/home/d/send_to_robot_ws/install/setup.zsh'
