[0.168s] DEBUG:colcon:Command line arguments: ['/usr/bin/colcon', 'build', '--symlink-install']
[0.168s] DEBUG:colcon:Parsed command line arguments: Namespace(log_base=None, log_level=None, verb_name='build', build_base='build', install_base='install', merge_install=False, symlink_install=True, test_result_base=None, continue_on_error=False, executor='parallel', parallel_workers=4, event_handlers=None, ignore_user_meta=False, metas=['./colcon.meta'], base_paths=['.'], packages_ignore=None, packages_ignore_regex=None, paths=None, packages_up_to=None, packages_up_to_regex=None, packages_above=None, packages_above_and_dependencies=None, packages_above_depth=None, packages_select_by_dep=None, packages_skip_by_dep=None, packages_skip_up_to=None, packages_select_build_failed=False, packages_skip_build_finished=False, packages_select_test_failures=False, packages_skip_test_passed=False, packages_select=None, packages_skip=None, packages_select_regex=None, packages_skip_regex=None, packages_start=None, packages_end=None, allow_overriding=[], cmake_args=None, cmake_target=None, cmake_target_skip_unavailable=False, cmake_clean_cache=False, cmake_clean_first=False, cmake_force_configure=False, ament_cmake_args=None, catkin_cmake_args=None, catkin_skip_building_tests=False, mixin_files=None, mixin=None, verb_parser=<colcon_mixin.mixin.mixin_argument.MixinArgumentDecorator object at 0x7d91d7f98670>, verb_extension=<colcon_core.verb.build.BuildVerb object at 0x7d91d7f98040>, main=<bound method BuildVerb.main of <colcon_core.verb.build.BuildVerb object at 0x7d91d7f98040>>, mixin_verb=('build',))
[0.445s] Level 1:colcon.colcon_core.package_discovery:discover_packages(colcon_meta) check parameters
[0.445s] Level 1:colcon.colcon_core.package_discovery:discover_packages(recursive) check parameters
[0.445s] Level 1:colcon.colcon_core.package_discovery:discover_packages(ignore) check parameters
[0.445s] Level 1:colcon.colcon_core.package_discovery:discover_packages(path) check parameters
[0.445s] Level 1:colcon.colcon_core.package_discovery:discover_packages(colcon_meta) discover
[0.445s] Level 1:colcon.colcon_core.package_discovery:discover_packages(recursive) discover
[0.445s] INFO:colcon.colcon_core.package_discovery:Crawling recursively for packages in '/home/d/send_to_robot_ws'
[0.445s] Level 1:colcon.colcon_core.package_identification:_identify(.) by extensions ['ignore', 'ignore_ament_install']
[0.445s] Level 1:colcon.colcon_core.package_identification:_identify(.) by extension 'ignore'
[0.445s] Level 1:colcon.colcon_core.package_identification:_identify(.) by extension 'ignore_ament_install'
[0.445s] Level 1:colcon.colcon_core.package_identification:_identify(.) by extensions ['colcon_pkg']
[0.446s] Level 1:colcon.colcon_core.package_identification:_identify(.) by extension 'colcon_pkg'
[0.446s] Level 1:colcon.colcon_core.package_identification:_identify(.) by extensions ['colcon_meta']
[0.446s] Level 1:colcon.colcon_core.package_identification:_identify(.) by extension 'colcon_meta'
[0.446s] Level 1:colcon.colcon_core.package_identification:_identify(.) by extensions ['ros']
[0.446s] Level 1:colcon.colcon_core.package_identification:_identify(.) by extension 'ros'
[0.469s] Level 1:colcon.colcon_core.package_identification:_identify(.) by extensions ['cmake', 'python']
[0.469s] Level 1:colcon.colcon_core.package_identification:_identify(.) by extension 'cmake'
[0.469s] Level 1:colcon.colcon_core.package_identification:_identify(.) by extension 'python'
[0.469s] Level 1:colcon.colcon_core.package_identification:_identify(.) by extensions ['python_setup_py']
[0.469s] Level 1:colcon.colcon_core.package_identification:_identify(.) by extension 'python_setup_py'
[0.470s] Level 1:colcon.colcon_core.package_identification:_identify(build) by extensions ['ignore', 'ignore_ament_install']
[0.470s] Level 1:colcon.colcon_core.package_identification:_identify(build) by extension 'ignore'
[0.470s] Level 1:colcon.colcon_core.package_identification:_identify(build) ignored
[0.470s] Level 1:colcon.colcon_core.package_identification:_identify(install) by extensions ['ignore', 'ignore_ament_install']
[0.470s] Level 1:colcon.colcon_core.package_identification:_identify(install) by extension 'ignore'
[0.470s] Level 1:colcon.colcon_core.package_identification:_identify(install) ignored
[0.470s] Level 1:colcon.colcon_core.package_identification:_identify(log) by extensions ['ignore', 'ignore_ament_install']
[0.470s] Level 1:colcon.colcon_core.package_identification:_identify(log) by extension 'ignore'
[0.470s] Level 1:colcon.colcon_core.package_identification:_identify(log) ignored
[0.470s] Level 1:colcon.colcon_core.package_identification:_identify(src) by extensions ['ignore', 'ignore_ament_install']
[0.471s] Level 1:colcon.colcon_core.package_identification:_identify(src) by extension 'ignore'
[0.471s] Level 1:colcon.colcon_core.package_identification:_identify(src) by extension 'ignore_ament_install'
[0.471s] Level 1:colcon.colcon_core.package_identification:_identify(src) by extensions ['colcon_pkg']
[0.471s] Level 1:colcon.colcon_core.package_identification:_identify(src) by extension 'colcon_pkg'
[0.471s] Level 1:colcon.colcon_core.package_identification:_identify(src) by extensions ['colcon_meta']
[0.471s] Level 1:colcon.colcon_core.package_identification:_identify(src) by extension 'colcon_meta'
[0.471s] Level 1:colcon.colcon_core.package_identification:_identify(src) by extensions ['ros']
[0.471s] Level 1:colcon.colcon_core.package_identification:_identify(src) by extension 'ros'
[0.471s] Level 1:colcon.colcon_core.package_identification:_identify(src) by extensions ['cmake', 'python']
[0.471s] Level 1:colcon.colcon_core.package_identification:_identify(src) by extension 'cmake'
[0.471s] Level 1:colcon.colcon_core.package_identification:_identify(src) by extension 'python'
[0.471s] Level 1:colcon.colcon_core.package_identification:_identify(src) by extensions ['python_setup_py']
[0.471s] Level 1:colcon.colcon_core.package_identification:_identify(src) by extension 'python_setup_py'
[0.471s] Level 1:colcon.colcon_core.package_identification:_identify(src/send_to_robot_v3) by extensions ['ignore', 'ignore_ament_install']
[0.471s] Level 1:colcon.colcon_core.package_identification:_identify(src/send_to_robot_v3) by extension 'ignore'
[0.472s] Level 1:colcon.colcon_core.package_identification:_identify(src/send_to_robot_v3) by extension 'ignore_ament_install'
[0.472s] Level 1:colcon.colcon_core.package_identification:_identify(src/send_to_robot_v3) by extensions ['colcon_pkg']
[0.472s] Level 1:colcon.colcon_core.package_identification:_identify(src/send_to_robot_v3) by extension 'colcon_pkg'
[0.472s] Level 1:colcon.colcon_core.package_identification:_identify(src/send_to_robot_v3) by extensions ['colcon_meta']
[0.472s] Level 1:colcon.colcon_core.package_identification:_identify(src/send_to_robot_v3) by extension 'colcon_meta'
[0.472s] Level 1:colcon.colcon_core.package_identification:_identify(src/send_to_robot_v3) by extensions ['ros']
[0.472s] Level 1:colcon.colcon_core.package_identification:_identify(src/send_to_robot_v3) by extension 'ros'
[0.475s] DEBUG:colcon.colcon_core.package_identification:Package 'src/send_to_robot_v3' with type 'ros.ament_python' and name 'send_to_robot_v3'
[0.475s] Level 1:colcon.colcon_core.package_discovery:discover_packages(recursive) using defaults
[0.475s] Level 1:colcon.colcon_core.package_discovery:discover_packages(ignore) discover
[0.475s] Level 1:colcon.colcon_core.package_discovery:discover_packages(ignore) using defaults
[0.476s] Level 1:colcon.colcon_core.package_discovery:discover_packages(path) discover
[0.476s] Level 1:colcon.colcon_core.package_discovery:discover_packages(path) using defaults
[0.501s] Level 1:colcon.colcon_core.package_discovery:discover_packages(prefix_path) check parameters
[0.501s] Level 1:colcon.colcon_core.package_discovery:discover_packages(prefix_path) discover
[0.506s] DEBUG:colcon.colcon_installed_package_information.package_discovery:Found 1 installed packages in /home/d/send_to_robot_ws/install
[0.508s] DEBUG:colcon.colcon_installed_package_information.package_discovery:Found 55 installed packages in /home/d/ws_moveit/install
[0.509s] DEBUG:colcon.colcon_installed_package_information.package_discovery:Found 3 installed packages in /home/d/br_ws/install
[0.513s] DEBUG:colcon.colcon_installed_package_information.package_discovery:Found 336 installed packages in /opt/ros/humble
[0.517s] Level 1:colcon.colcon_core.package_discovery:discover_packages(prefix_path) using defaults
[0.580s] Level 5:colcon.colcon_core.verb:set package 'send_to_robot_v3' build argument 'cmake_args' from command line to 'None'
[0.580s] Level 5:colcon.colcon_core.verb:set package 'send_to_robot_v3' build argument 'cmake_target' from command line to 'None'
[0.580s] Level 5:colcon.colcon_core.verb:set package 'send_to_robot_v3' build argument 'cmake_target_skip_unavailable' from command line to 'False'
[0.580s] Level 5:colcon.colcon_core.verb:set package 'send_to_robot_v3' build argument 'cmake_clean_cache' from command line to 'False'
[0.580s] Level 5:colcon.colcon_core.verb:set package 'send_to_robot_v3' build argument 'cmake_clean_first' from command line to 'False'
[0.580s] Level 5:colcon.colcon_core.verb:set package 'send_to_robot_v3' build argument 'cmake_force_configure' from command line to 'False'
[0.580s] Level 5:colcon.colcon_core.verb:set package 'send_to_robot_v3' build argument 'ament_cmake_args' from command line to 'None'
[0.580s] Level 5:colcon.colcon_core.verb:set package 'send_to_robot_v3' build argument 'catkin_cmake_args' from command line to 'None'
[0.580s] Level 5:colcon.colcon_core.verb:set package 'send_to_robot_v3' build argument 'catkin_skip_building_tests' from command line to 'False'
[0.580s] DEBUG:colcon.colcon_core.verb:Building package 'send_to_robot_v3' with the following arguments: {'ament_cmake_args': None, 'build_base': '/home/d/send_to_robot_ws/build/send_to_robot_v3', 'catkin_cmake_args': None, 'catkin_skip_building_tests': False, 'cmake_args': None, 'cmake_clean_cache': False, 'cmake_clean_first': False, 'cmake_force_configure': False, 'cmake_target': None, 'cmake_target_skip_unavailable': False, 'install_base': '/home/d/send_to_robot_ws/install/send_to_robot_v3', 'merge_install': False, 'path': '/home/d/send_to_robot_ws/src/send_to_robot_v3', 'symlink_install': True, 'test_result_base': None}
[0.580s] INFO:colcon.colcon_core.executor:Executing jobs using 'parallel' executor
[0.582s] DEBUG:colcon.colcon_parallel_executor.executor.parallel:run_until_complete
[0.582s] INFO:colcon.colcon_ros.task.ament_python.build:Building ROS package in '/home/d/send_to_robot_ws/src/send_to_robot_v3' with build type 'ament_python'
[0.583s] Level 1:colcon.colcon_core.shell:create_environment_hook('send_to_robot_v3', 'ament_prefix_path')
[0.585s] INFO:colcon.colcon_core.plugin_system:Skipping extension 'colcon_core.shell.bat': Not used on non-Windows systems
[0.585s] INFO:colcon.colcon_core.shell:Creating environment hook '/home/d/send_to_robot_ws/install/send_to_robot_v3/share/send_to_robot_v3/hook/ament_prefix_path.ps1'
[0.586s] INFO:colcon.colcon_core.shell:Creating environment descriptor '/home/d/send_to_robot_ws/install/send_to_robot_v3/share/send_to_robot_v3/hook/ament_prefix_path.dsv'
[0.587s] INFO:colcon.colcon_core.shell:Creating environment hook '/home/d/send_to_robot_ws/install/send_to_robot_v3/share/send_to_robot_v3/hook/ament_prefix_path.sh'
[0.588s] INFO:colcon.colcon_core.shell:Skip shell extension 'powershell' for command environment: Not usable outside of PowerShell
[0.588s] DEBUG:colcon.colcon_core.shell:Skip shell extension 'dsv' for command environment
[1.016s] INFO:colcon.colcon_core.task.python.build:Building Python package in '/home/d/send_to_robot_ws/src/send_to_robot_v3'
[1.017s] INFO:colcon.colcon_core.shell:Skip shell extension 'powershell' for command environment: Not usable outside of PowerShell
[1.017s] DEBUG:colcon.colcon_core.shell:Skip shell extension 'dsv' for command environment
[1.590s] DEBUG:colcon.colcon_core.event_handler.log_command:Invoking command in '/home/d/send_to_robot_ws/build/send_to_robot_v3': PYTHONPATH=/home/d/send_to_robot_ws/build/send_to_robot_v3/prefix_override:/usr/lib/python3/dist-packages/colcon_core/task/python/colcon_distutils_commands:/home/d/send_to_robot_ws/install/send_to_robot_v3/lib/python3.10/site-packages:${PYTHONPATH} /usr/bin/python3 -W ignore:setup.py install is deprecated -W ignore:easy_install command is deprecated setup.py develop --editable --build-directory /home/d/send_to_robot_ws/build/send_to_robot_v3/build --no-deps symlink_data
[2.355s] Level 1:colcon.colcon_core.shell:create_environment_hook('send_to_robot_v3', 'pythonpath_develop')
[2.356s] INFO:colcon.colcon_core.shell:Creating environment hook '/home/d/send_to_robot_ws/build/send_to_robot_v3/share/send_to_robot_v3/hook/pythonpath_develop.ps1'
[2.357s] DEBUG:colcon.colcon_core.event_handler.log_command:Invoked command in '/home/d/send_to_robot_ws/build/send_to_robot_v3' returned '0': PYTHONPATH=/home/d/send_to_robot_ws/build/send_to_robot_v3/prefix_override:/usr/lib/python3/dist-packages/colcon_core/task/python/colcon_distutils_commands:/home/d/send_to_robot_ws/install/send_to_robot_v3/lib/python3.10/site-packages:${PYTHONPATH} /usr/bin/python3 -W ignore:setup.py install is deprecated -W ignore:easy_install command is deprecated setup.py develop --editable --build-directory /home/d/send_to_robot_ws/build/send_to_robot_v3/build --no-deps symlink_data
[2.358s] INFO:colcon.colcon_core.shell:Creating environment descriptor '/home/d/send_to_robot_ws/build/send_to_robot_v3/share/send_to_robot_v3/hook/pythonpath_develop.dsv'
[2.358s] INFO:colcon.colcon_core.shell:Creating environment hook '/home/d/send_to_robot_ws/build/send_to_robot_v3/share/send_to_robot_v3/hook/pythonpath_develop.sh'
[2.362s] Level 1:colcon.colcon_core.environment:checking '/home/d/send_to_robot_ws/install/send_to_robot_v3' for CMake module files
[2.362s] Level 1:colcon.colcon_core.environment:checking '/home/d/send_to_robot_ws/install/send_to_robot_v3' for CMake config files
[2.363s] Level 1:colcon.colcon_core.environment:checking '/home/d/send_to_robot_ws/install/send_to_robot_v3/lib'
[2.363s] Level 1:colcon.colcon_core.environment:checking '/home/d/send_to_robot_ws/install/send_to_robot_v3/bin'
[2.363s] Level 1:colcon.colcon_core.environment:checking '/home/d/send_to_robot_ws/install/send_to_robot_v3/lib/pkgconfig/send_to_robot_v3.pc'
[2.363s] Level 1:colcon.colcon_core.environment:checking '/home/d/send_to_robot_ws/install/send_to_robot_v3/lib/python3.10/site-packages'
[2.364s] Level 1:colcon.colcon_core.shell:create_environment_hook('send_to_robot_v3', 'pythonpath')
[2.364s] INFO:colcon.colcon_core.shell:Creating environment hook '/home/d/send_to_robot_ws/install/send_to_robot_v3/share/send_to_robot_v3/hook/pythonpath.ps1'
[2.364s] INFO:colcon.colcon_core.shell:Creating environment descriptor '/home/d/send_to_robot_ws/install/send_to_robot_v3/share/send_to_robot_v3/hook/pythonpath.dsv'
[2.365s] INFO:colcon.colcon_core.shell:Creating environment hook '/home/d/send_to_robot_ws/install/send_to_robot_v3/share/send_to_robot_v3/hook/pythonpath.sh'
[2.366s] Level 1:colcon.colcon_core.environment:checking '/home/d/send_to_robot_ws/install/send_to_robot_v3/bin'
[2.366s] Level 1:colcon.colcon_core.environment:create_environment_scripts_only(send_to_robot_v3)
[2.366s] INFO:colcon.colcon_core.shell:Creating package script '/home/d/send_to_robot_ws/install/send_to_robot_v3/share/send_to_robot_v3/package.ps1'
[2.367s] INFO:colcon.colcon_core.shell:Creating package descriptor '/home/d/send_to_robot_ws/install/send_to_robot_v3/share/send_to_robot_v3/package.dsv'
[2.368s] INFO:colcon.colcon_core.shell:Creating package script '/home/d/send_to_robot_ws/install/send_to_robot_v3/share/send_to_robot_v3/package.sh'
[2.369s] INFO:colcon.colcon_core.shell:Creating package script '/home/d/send_to_robot_ws/install/send_to_robot_v3/share/send_to_robot_v3/package.bash'
[2.370s] INFO:colcon.colcon_core.shell:Creating package script '/home/d/send_to_robot_ws/install/send_to_robot_v3/share/send_to_robot_v3/package.zsh'
[2.371s] Level 1:colcon.colcon_core.environment:create_file_with_runtime_dependencies(/home/d/send_to_robot_ws/install/send_to_robot_v3/share/colcon-core/packages/send_to_robot_v3)
[2.372s] DEBUG:colcon.colcon_parallel_executor.executor.parallel:closing loop
[2.372s] DEBUG:colcon.colcon_parallel_executor.executor.parallel:loop closed
[2.372s] DEBUG:colcon.colcon_parallel_executor.executor.parallel:run_until_complete finished with '0'
[2.372s] DEBUG:colcon.colcon_core.event_reactor:joining thread
[2.382s] INFO:colcon.colcon_core.plugin_system:Skipping extension 'colcon_notification.desktop_notification.terminal_notifier': Not used on non-Darwin systems
[2.382s] INFO:colcon.colcon_core.plugin_system:Skipping extension 'colcon_notification.desktop_notification.win32': Not used on non-Windows systems
[2.382s] INFO:colcon.colcon_notification.desktop_notification:Sending desktop notification using 'notify2'
[2.398s] DEBUG:colcon.colcon_core.event_reactor:joined thread
[2.398s] INFO:colcon.colcon_core.shell:Creating prefix script '/home/d/send_to_robot_ws/install/local_setup.ps1'
[2.400s] INFO:colcon.colcon_core.shell:Creating prefix util module '/home/d/send_to_robot_ws/install/_local_setup_util_ps1.py'
[2.403s] INFO:colcon.colcon_core.shell:Creating prefix chain script '/home/d/send_to_robot_ws/install/setup.ps1'
[2.409s] INFO:colcon.colcon_core.shell:Creating prefix script '/home/d/send_to_robot_ws/install/local_setup.sh'
[2.410s] INFO:colcon.colcon_core.shell:Creating prefix util module '/home/d/send_to_robot_ws/install/_local_setup_util_sh.py'
[2.411s] INFO:colcon.colcon_core.shell:Creating prefix chain script '/home/d/send_to_robot_ws/install/setup.sh'
[2.416s] INFO:colcon.colcon_core.shell:Creating prefix script '/home/d/send_to_robot_ws/install/local_setup.bash'
[2.417s] INFO:colcon.colcon_core.shell:Creating prefix chain script '/home/d/send_to_robot_ws/install/setup.bash'
[2.423s] INFO:colcon.colcon_core.shell:Creating prefix script '/home/d/send_to_robot_ws/install/local_setup.zsh'
[2.424s] INFO:colcon.colcon_core.shell:Creating prefix chain script '/home/d/send_to_robot_ws/install/setup.zsh'
